App.tsx(415,189): error TS2322: Type 'AssetHealth | { healthScore: number; statusBand: KPIStatus.GREEN; redCount: number; yellowCount: number; }' is not assignable to type 'AssetHealth'.
  Type '{ healthScore: number; statusBand: KPIStatus.GREEN; redCount: number; yellowCount: number; }' is missing the following properties from type 'AssetHealth': assetId, direction
App.tsx(442,14): error TS2367: This comparison appears to be unintentional because the types '"dashboard" | "assets" | "tenants" | "inbox" | "work-orders" | "contractors" | "kpis" | "calculator" | "checklist" | "vendors" | "audit" | "estimator" | "instant-calculator" | ... 7 more ... | "settings"' and '"interior-design"' have no overlap.
components/Dashboard.tsx(191,97): error TS2322: Type '{ key: string; fill: string; cornerRadius: number; }' is not assignable to type 'IntrinsicAttributes & Props'.
  Property 'cornerRadius' does not exist on type 'IntrinsicAttributes & Props'.
